exports[`test should be rendered correctly 1`] = `<div />`;
